[2026-08-20 03:28:38] local.WARNING: No token found in request  
[2026-08-20 03:36:03] local.WARNING: No token found in request  
[2026-08-20 03:46:47] local.WARNING: No token found in request  
[2026-08-20 03:55:39] local.WARNING: No token found in request  
[2026-08-20 03:55:39] local.WARNING: No token found in request  
[2026-08-20 03:57:31] local.WARNING: No token found in request  
[2026-08-20 04:30:18] local.ERROR: Client error: `POST https://us-ext.linnworks.net/api/Main/ping` resulted in a `404 Not Found` response {"class":"App\\Services\\LinnworkApiMainPing","function":"_linnworksPing","file":"/var/www/vendor/guzzlehttp/guzzle/src/Exception/RequestException.php","line":113} 
[2026-08-20 04:30:18] local.ERROR: :Integration error in [RefreshLinworksToken] for userlinnworks@limmedia.io {"class":"App\\Console\\Commands\\LinnworksTokenRefreshTask","function":"refreshLinnworkUser","file":"/var/www/app/Console/Commands/LinnworksTokenRefreshTask.php","line":59} 
[2026-08-20 04:45:52] local.ERROR: Client error: `POST https://us-ext.linnworks.net/api/Main/ping` resulted in a `404 Not Found` response {"class":"App\\Services\\LinnworkApiMainPing","function":"_linnworksPing","file":"/var/www/vendor/guzzlehttp/guzzle/src/Exception/RequestException.php","line":113} 
[2026-08-20 04:45:52] local.ERROR: :Integration error in [RefreshLinworksToken] for userlinnworks@limmedia.io {"class":"App\\Console\\Commands\\LinnworksTokenRefreshTask","function":"refreshLinnworkUser","file":"/var/www/app/Console/Commands/LinnworksTokenRefreshTask.php","line":59} 
[2026-08-20 04:57:16] local.ERROR: ML create item failed {"body":"{\"cause\":[{\"department\":\"items\",\"cause_id\":369,\"type\":\"error\",\"code\":\"body.required_fields\",\"references\":[\"body\"],\"message\":\"The body does not contains some or none of the following properties [family_name]\"}],\"message\":\"body.required_fields\",\"error\":\"validation_error\",\"status\":400}","sku":[{"id":"SELLER_SKU","value_name":"CF9-76C-7FE"},{"id":"BRAND","value_name":"Genérico"},{"id":"MODEL","value_name":"CF9-76C-7FE"}]} 
[2026-08-20 04:59:28] local.ERROR: ML create item failed {"body":"{\"cause\":[],\"message\":\"body.invalid_fields\",\"error\":\"The fields [title] are invalid for requested call.\",\"status\":400}","sku":[{"id":"SELLER_SKU","value_name":"CF9-76C-7FE"},{"id":"BRAND","value_name":"Genérico"},{"id":"MODEL","value_name":"CF9-76C-7FE"}]} 
[2026-08-20 05:00:27] local.ERROR: Client error: `POST https://us-ext.linnworks.net/api/Main/ping` resulted in a `404 Not Found` response {"class":"App\\Services\\LinnworkApiMainPing","function":"_linnworksPing","file":"/var/www/vendor/guzzlehttp/guzzle/src/Exception/RequestException.php","line":113} 
[2026-08-20 05:00:27] local.ERROR: :Integration error in [RefreshLinworksToken] for userlinnworks@limmedia.io {"class":"App\\Console\\Commands\\LinnworksTokenRefreshTask","function":"refreshLinnworkUser","file":"/var/www/app/Console/Commands/LinnworksTokenRefreshTask.php","line":59} 
[2026-08-20 05:15:02] local.ERROR: Client error: `POST https://us-ext.linnworks.net/api/Main/ping` resulted in a `404 Not Found` response {"class":"App\\Services\\LinnworkApiMainPing","function":"_linnworksPing","file":"/var/www/vendor/guzzlehttp/guzzle/src/Exception/RequestException.php","line":113} 
[2026-08-20 05:15:02] local.ERROR: :Integration error in [RefreshLinworksToken] for userlinnworks@limmedia.io {"class":"App\\Console\\Commands\\LinnworksTokenRefreshTask","function":"refreshLinnworkUser","file":"/var/www/app/Console/Commands/LinnworksTokenRefreshTask.php","line":59} 
[2026-08-20 05:30:33] local.ERROR: Client error: `POST https://us-ext.linnworks.net/api/Main/ping` resulted in a `404 Not Found` response {"class":"App\\Services\\LinnworkApiMainPing","function":"_linnworksPing","file":"/var/www/vendor/guzzlehttp/guzzle/src/Exception/RequestException.php","line":113} 
[2026-08-20 05:30:33] local.ERROR: :Integration error in [RefreshLinworksToken] for userlinnworks@limmedia.io {"class":"App\\Console\\Commands\\LinnworksTokenRefreshTask","function":"refreshLinnworkUser","file":"/var/www/app/Console/Commands/LinnworksTokenRefreshTask.php","line":59} 
[2026-08-20 05:41:40] local.ERROR: ML update item title failed {"item_id":"MLM3358565583","body":"{\"cause\":374,\"message\":\"BODY_INVALID_FIELDS\",\"error\":\"The field family name is invalid\",\"status\":400}"} 
[2026-08-20 05:45:07] local.ERROR: Client error: `POST https://us-ext.linnworks.net/api/Main/ping` resulted in a `404 Not Found` response {"class":"App\\Services\\LinnworkApiMainPing","function":"_linnworksPing","file":"/var/www/vendor/guzzlehttp/guzzle/src/Exception/RequestException.php","line":113} 
[2026-08-20 05:45:07] local.ERROR: :Integration error in [RefreshLinworksToken] for userlinnworks@limmedia.io {"class":"App\\Console\\Commands\\LinnworksTokenRefreshTask","function":"refreshLinnworkUser","file":"/var/www/app/Console/Commands/LinnworksTokenRefreshTask.php","line":59} 
[2026-08-20 20:45:18] local.ERROR: Client error: `POST https://us-ext.linnworks.net/api/Main/ping` resulted in a `401 Unauthorized` response:
{"Code":null,"Message":"Token is wrong."}
 {"class":"App\\Services\\LinnworkApiMainPing","function":"_linnworksPing","file":"/var/www/vendor/guzzlehttp/guzzle/src/Exception/RequestException.php","line":113} 
[2026-08-20 20:45:18] local.ERROR: :Integration error in [RefreshLinworksToken] for userlinnworks@limmedia.io {"class":"App\\Console\\Commands\\LinnworksTokenRefreshTask","function":"refreshLinnworkUser","file":"/var/www/app/Console/Commands/LinnworksTokenRefreshTask.php","line":59} 
[2026-08-20 20:45:19] local.ERROR: Client error: `POST https://us-ext.linnworks.net/api/Inventory/GetStockLocations` resulted in a `401 Unauthorized` response:
{"Code":null,"Message":"Token is wrong."}
 {"class":"App\\Services\\InventoryService","function":"GetStockLocations","file":"/var/www/vendor/guzzlehttp/guzzle/src/Exception/RequestException.php","line":113} 
[2026-08-20 20:45:19] local.ERROR: :Integration error in [StockLocations] for userlinnworks@limmedia.io {"class":"App\\Console\\Commands\\IntegrationProcessedOrders","function":"handle","file":"/var/www/app/Console/Commands/IntegrationProcessedOrders.php","line":56} 
[2026-08-20 21:00:33] local.ERROR: Client error: `POST https://us-ext.linnworks.net/api/Main/ping` resulted in a `401 Unauthorized` response:
{"Code":null,"Message":"Token is wrong."}
 {"class":"App\\Services\\LinnworkApiMainPing","function":"_linnworksPing","file":"/var/www/vendor/guzzlehttp/guzzle/src/Exception/RequestException.php","line":113} 
[2026-08-20 21:00:33] local.ERROR: :Integration error in [RefreshLinworksToken] for userlinnworks@limmedia.io {"class":"App\\Console\\Commands\\LinnworksTokenRefreshTask","function":"refreshLinnworkUser","file":"/var/www/app/Console/Commands/LinnworksTokenRefreshTask.php","line":59} 
[2026-08-20 21:00:33] local.ERROR: Client error: `POST https://us-ext.linnworks.net/api/Inventory/GetStockLocations` resulted in a `401 Unauthorized` response:
{"Code":null,"Message":"Token is wrong."}
 {"class":"App\\Services\\InventoryService","function":"GetStockLocations","file":"/var/www/vendor/guzzlehttp/guzzle/src/Exception/RequestException.php","line":113} 
[2026-08-20 21:00:33] local.ERROR: :Integration error in [StockLocations] for userlinnworks@limmedia.io {"class":"App\\Console\\Commands\\IntegrationProcessedOrders","function":"handle","file":"/var/www/app/Console/Commands/IntegrationProcessedOrders.php","line":56} 
[2026-08-20 21:00:35] local.ERROR: ML token refresh failed for user 3608229310 {"class":"App\\Console\\Commands\\MercadoLibreTokenRefreshTask","function":"handle","file":"/var/www/app/Console/Commands/MercadoLibreTokenRefreshTask.php","line":29} 
