[2026-08-29 18:29:58] local.WARNING: No token found in request  
[2026-08-29 18:30:15] local.ERROR: Client error: `POST https://us-ext.linnworks.net/api/Main/ping` resulted in a `401 Unauthorized` response:
{"Code":null,"Message":"Token is wrong."}
 {"class":"App\\Services\\LinnworkApiMainPing","function":"_linnworksPing","file":"/var/www/vendor/guzzlehttp/guzzle/src/Exception/RequestException.php","line":113} 
[2026-08-29 18:30:15] local.ERROR: :Integration error in [RefreshLinworksToken] for userlinnworks@limmedia.io {"class":"App\\Console\\Commands\\LinnworksTokenRefreshTask","function":"refreshLinnworkUser","file":"/var/www/app/Console/Commands/LinnworksTokenRefreshTask.php","line":59} 
[2026-08-29 18:30:16] local.ERROR: Client error: `POST https://us-ext.linnworks.net/api/Inventory/GetStockLocations` resulted in a `401 Unauthorized` response:
{"Code":null,"Message":"Token is wrong."}
 {"class":"App\\Services\\InventoryService","function":"GetStockLocations","file":"/var/www/vendor/guzzlehttp/guzzle/src/Exception/RequestException.php","line":113} 
[2026-08-29 18:30:16] local.ERROR: :Integration error in [StockLocations] for userlinnworks@limmedia.io {"class":"App\\Console\\Commands\\IntegrationProcessedOrders","function":"handle","file":"/var/www/app/Console/Commands/IntegrationProcessedOrders.php","line":56} 
[2026-08-29 18:33:29] testing.INFO: Channel AddNewUser {"tenant_id":1,"user_id":"lw-user-1"} 
[2026-08-29 18:33:29] testing.WARNING: Channel missing AuthorizationToken {"path":"api/Config/ConfigTest"} 
[2026-08-29 18:45:43] local.ERROR: cURL error 6: Could not resolve host: us-ext.linnworks.net (see https://curl.haxx.se/libcurl/c/libcurl-errors.html) for https://us-ext.linnworks.net/api/Main/ping {"exception":"[object] (GuzzleHttp\\Exception\\ConnectException(code: 0): cURL error 6: Could not resolve host: us-ext.linnworks.net (see https://curl.haxx.se/libcurl/c/libcurl-errors.html) for https://us-ext.linnworks.net/api/Main/ping at /var/www/vendor/guzzlehttp/guzzle/src/Handler/CurlFactory.php:210)
[stacktrace]
#0 /var/www/vendor/guzzlehttp/guzzle/src/Handler/CurlFactory.php(158): GuzzleHttp\\Handler\\CurlFactory::createRejection(Object(GuzzleHttp\\Handler\\EasyHandle), Array)
#1 /var/www/vendor/guzzlehttp/guzzle/src/Handler/CurlFactory.php(110): GuzzleHttp\\Handler\\CurlFactory::finishError(Object(GuzzleHttp\\Handler\\CurlHandler), Object(GuzzleHttp\\Handler\\EasyHandle), Object(GuzzleHttp\\Handler\\CurlFactory))
#2 /var/www/vendor/guzzlehttp/guzzle/src/Handler/CurlHandler.php(47): GuzzleHttp\\Handler\\CurlFactory::finish(Object(GuzzleHttp\\Handler\\CurlHandler), Object(GuzzleHttp\\Handler\\EasyHandle), Object(GuzzleHttp\\Handler\\CurlFactory))
#3 /var/www/vendor/guzzlehttp/guzzle/src/Handler/Proxy.php(28): GuzzleHttp\\Handler\\CurlHandler->__invoke(Object(GuzzleHttp\\Psr7\\Request), Array)
#4 /var/www/vendor/guzzlehttp/guzzle/src/Handler/Proxy.php(48): GuzzleHttp\\Handler\\Proxy::GuzzleHttp\\Handler\\{closure}(Object(GuzzleHttp\\Psr7\\Request), Array)
#5 /var/www/vendor/guzzlehttp/guzzle/src/PrepareBodyMiddleware.php(35): GuzzleHttp\\Handler\\Proxy::GuzzleHttp\\Handler\\{closure}(Object(GuzzleHttp\\Psr7\\Request), Array)
#6 /var/www/vendor/guzzlehttp/guzzle/src/Middleware.php(31): GuzzleHttp\\PrepareBodyMiddleware->__invoke(Object(GuzzleHttp\\Psr7\\Request), Array)
#7 /var/www/vendor/guzzlehttp/guzzle/src/RedirectMiddleware.php(71): GuzzleHttp\\Middleware::GuzzleHttp\\{closure}(Object(GuzzleHttp\\Psr7\\Request), Array)
#8 /var/www/vendor/guzzlehttp/guzzle/src/Middleware.php(63): GuzzleHttp\\RedirectMiddleware->__invoke(Object(GuzzleHttp\\Psr7\\Request), Array)
#9 /var/www/vendor/guzzlehttp/guzzle/src/HandlerStack.php(75): GuzzleHttp\\Middleware::GuzzleHttp\\{closure}(Object(GuzzleHttp\\Psr7\\Request), Array)
#10 /var/www/vendor/guzzlehttp/guzzle/src/Client.php(331): GuzzleHttp\\HandlerStack->__invoke(Object(GuzzleHttp\\Psr7\\Request), Array)
#11 /var/www/vendor/guzzlehttp/guzzle/src/Client.php(168): GuzzleHttp\\Client->transfer(Object(GuzzleHttp\\Psr7\\Request), Array)
#12 /var/www/vendor/guzzlehttp/guzzle/src/Client.php(187): GuzzleHttp\\Client->requestAsync('POST', Object(GuzzleHttp\\Psr7\\Uri), Array)
#13 /var/www/app/Traits/ConsumeService.php(41): GuzzleHttp\\Client->request('POST', '/api/Main/ping', Array)
#14 /var/www/app/Services/LinnworkApiMainPing.php(40): App\\Services\\LinnworkApiMainPing->request('POST', '/api/Main/ping', Array, Array, true)
#15 /var/www/app/Console/Commands/LinnworksTokenRefreshTask.php(58): App\\Services\\LinnworkApiMainPing->_linnworksPing('d35b47b2-18dd-4...', 'https://us-ext....')
#16 /var/www/app/Console/Commands/LinnworksTokenRefreshTask.php(38): App\\Console\\Commands\\LinnworksTokenRefreshTask->refreshLinnworkUser()
#17 /var/www/vendor/laravel/framework/src/Illuminate/Container/BoundMethod.php(36): App\\Console\\Commands\\LinnworksTokenRefreshTask->handle()
#18 /var/www/vendor/laravel/framework/src/Illuminate/Container/Util.php(41): Illuminate\\Container\\BoundMethod::Illuminate\\Container\\{closure}()
#19 /var/www/vendor/laravel/framework/src/Illuminate/Container/BoundMethod.php(93): Illuminate\\Container\\Util::unwrapIfClosure(Object(Closure))
#20 /var/www/vendor/laravel/framework/src/Illuminate/Container/BoundMethod.php(37): Illuminate\\Container\\BoundMethod::callBoundMethod(Object(Illuminate\\Foundation\\Application), Array, Object(Closure))
#21 /var/www/vendor/laravel/framework/src/Illuminate/Container/Container.php(661): Illuminate\\Container\\BoundMethod::call(Object(Illuminate\\Foundation\\Application), Array, Array, NULL)
#22 /var/www/vendor/laravel/framework/src/Illuminate/Console/Command.php(183): Illuminate\\Container\\Container->call(Array)
#23 /var/www/vendor/symfony/console/Command/Command.php(312): Illuminate\\Console\\Command->execute(Object(Symfony\\Component\\Console\\Input\\ArgvInput), Object(Illuminate\\Console\\OutputStyle))
#24 /var/www/vendor/laravel/framework/src/Illuminate/Console/Command.php(153): Symfony\\Component\\Console\\Command\\Command->run(Object(Symfony\\Component\\Console\\Input\\ArgvInput), Object(Illuminate\\Console\\OutputStyle))
#25 /var/www/vendor/symfony/console/Application.php(1022): Illuminate\\Console\\Command->run(Object(Symfony\\Component\\Console\\Input\\ArgvInput), Object(Symfony\\Component\\Console\\Output\\ConsoleOutput))
#26 /var/www/vendor/symfony/console/Application.php(314): Symfony\\Component\\Console\\Application->doRunCommand(Object(App\\Console\\Commands\\LinnworksTokenRefreshTask), Object(Symfony\\Component\\Console\\Input\\ArgvInput), Object(Symfony\\Component\\Console\\Output\\ConsoleOutput))
#27 /var/www/vendor/symfony/console/Application.php(168): Symfony\\Component\\Console\\Application->doRun(Object(Symfony\\Component\\Console\\Input\\ArgvInput), Object(Symfony\\Component\\Console\\Output\\ConsoleOutput))
#28 /var/www/vendor/laravel/framework/src/Illuminate/Console/Application.php(102): Symfony\\Component\\Console\\Application->run(Object(Symfony\\Component\\Console\\Input\\ArgvInput), Object(Symfony\\Component\\Console\\Output\\ConsoleOutput))
#29 /var/www/vendor/laravel/framework/src/Illuminate/Foundation/Console/Kernel.php(155): Illuminate\\Console\\Application->run(Object(Symfony\\Component\\Console\\Input\\ArgvInput), Object(Symfony\\Component\\Console\\Output\\ConsoleOutput))
#30 /var/www/artisan(37): Illuminate\\Foundation\\Console\\Kernel->handle(Object(Symfony\\Component\\Console\\Input\\ArgvInput), Object(Symfony\\Component\\Console\\Output\\ConsoleOutput))
#31 {main}
"} 
[2026-08-29 18:45:44] local.ERROR: cURL error 6: Could not resolve host: us-ext.linnworks.net (see https://curl.haxx.se/libcurl/c/libcurl-errors.html) for https://us-ext.linnworks.net/api/Inventory/GetStockLocations {"exception":"[object] (GuzzleHttp\\Exception\\ConnectException(code: 0): cURL error 6: Could not resolve host: us-ext.linnworks.net (see https://curl.haxx.se/libcurl/c/libcurl-errors.html) for https://us-ext.linnworks.net/api/Inventory/GetStockLocations at /var/www/vendor/guzzlehttp/guzzle/src/Handler/CurlFactory.php:210)
[stacktrace]
#0 /var/www/vendor/guzzlehttp/guzzle/src/Handler/CurlFactory.php(158): GuzzleHttp\\Handler\\CurlFactory::createRejection(Object(GuzzleHttp\\Handler\\EasyHandle), Array)
#1 /var/www/vendor/guzzlehttp/guzzle/src/Handler/CurlFactory.php(110): GuzzleHttp\\Handler\\CurlFactory::finishError(Object(GuzzleHttp\\Handler\\CurlHandler), Object(GuzzleHttp\\Handler\\EasyHandle), Object(GuzzleHttp\\Handler\\CurlFactory))
#2 /var/www/vendor/guzzlehttp/guzzle/src/Handler/CurlHandler.php(47): GuzzleHttp\\Handler\\CurlFactory::finish(Object(GuzzleHttp\\Handler\\CurlHandler), Object(GuzzleHttp\\Handler\\EasyHandle), Object(GuzzleHttp\\Handler\\CurlFactory))
#3 /var/www/vendor/guzzlehttp/guzzle/src/Handler/Proxy.php(28): GuzzleHttp\\Handler\\CurlHandler->__invoke(Object(GuzzleHttp\\Psr7\\Request), Array)
#4 /var/www/vendor/guzzlehttp/guzzle/src/Handler/Proxy.php(48): GuzzleHttp\\Handler\\Proxy::GuzzleHttp\\Handler\\{closure}(Object(GuzzleHttp\\Psr7\\Request), Array)
#5 /var/www/vendor/guzzlehttp/guzzle/src/PrepareBodyMiddleware.php(35): GuzzleHttp\\Handler\\Proxy::GuzzleHttp\\Handler\\{closure}(Object(GuzzleHttp\\Psr7\\Request), Array)
#6 /var/www/vendor/guzzlehttp/guzzle/src/Middleware.php(31): GuzzleHttp\\PrepareBodyMiddleware->__invoke(Object(GuzzleHttp\\Psr7\\Request), Array)
#7 /var/www/vendor/guzzlehttp/guzzle/src/RedirectMiddleware.php(71): GuzzleHttp\\Middleware::GuzzleHttp\\{closure}(Object(GuzzleHttp\\Psr7\\Request), Array)
#8 /var/www/vendor/guzzlehttp/guzzle/src/Middleware.php(63): GuzzleHttp\\RedirectMiddleware->__invoke(Object(GuzzleHttp\\Psr7\\Request), Array)
#9 /var/www/vendor/guzzlehttp/guzzle/src/HandlerStack.php(75): GuzzleHttp\\Middleware::GuzzleHttp\\{closure}(Object(GuzzleHttp\\Psr7\\Request), Array)
#10 /var/www/vendor/guzzlehttp/guzzle/src/Client.php(331): GuzzleHttp\\HandlerStack->__invoke(Object(GuzzleHttp\\Psr7\\Request), Array)
#11 /var/www/vendor/guzzlehttp/guzzle/src/Client.php(168): GuzzleHttp\\Client->transfer(Object(GuzzleHttp\\Psr7\\Request), Array)
#12 /var/www/vendor/guzzlehttp/guzzle/src/Client.php(187): GuzzleHttp\\Client->requestAsync('POST', Object(GuzzleHttp\\Psr7\\Uri), Array)
#13 /var/www/app/Traits/ConsumeService.php(41): GuzzleHttp\\Client->request('POST', '/api/Inventory/...', Array)
#14 /var/www/app/Services/InventoryService.php(38): App\\Services\\InventoryService->request('POST', '/api/Inventory/...', Array, Array, true)
#15 /var/www/app/Console/Commands/IntegrationProcessedOrders.php(53): App\\Services\\InventoryService->GetStockLocations('d35b47b2-18dd-4...', 'https://us-ext....')
#16 /var/www/vendor/laravel/framework/src/Illuminate/Container/BoundMethod.php(36): App\\Console\\Commands\\IntegrationProcessedOrders->handle()
#17 /var/www/vendor/laravel/framework/src/Illuminate/Container/Util.php(41): Illuminate\\Container\\BoundMethod::Illuminate\\Container\\{closure}()
#18 /var/www/vendor/laravel/framework/src/Illuminate/Container/BoundMethod.php(93): Illuminate\\Container\\Util::unwrapIfClosure(Object(Closure))
#19 /var/www/vendor/laravel/framework/src/Illuminate/Container/BoundMethod.php(37): Illuminate\\Container\\BoundMethod::callBoundMethod(Object(Illuminate\\Foundation\\Application), Array, Object(Closure))
#20 /var/www/vendor/laravel/framework/src/Illuminate/Container/Container.php(661): Illuminate\\Container\\BoundMethod::call(Object(Illuminate\\Foundation\\Application), Array, Array, NULL)
#21 /var/www/vendor/laravel/framework/src/Illuminate/Console/Command.php(183): Illuminate\\Container\\Container->call(Array)
#22 /var/www/vendor/symfony/console/Command/Command.php(312): Illuminate\\Console\\Command->execute(Object(Symfony\\Component\\Console\\Input\\ArgvInput), Object(Illuminate\\Console\\OutputStyle))
#23 /var/www/vendor/laravel/framework/src/Illuminate/Console/Command.php(153): Symfony\\Component\\Console\\Command\\Command->run(Object(Symfony\\Component\\Console\\Input\\ArgvInput), Object(Illuminate\\Console\\OutputStyle))
#24 /var/www/vendor/symfony/console/Application.php(1022): Illuminate\\Console\\Command->run(Object(Symfony\\Component\\Console\\Input\\ArgvInput), Object(Symfony\\Component\\Console\\Output\\ConsoleOutput))
#25 /var/www/vendor/symfony/console/Application.php(314): Symfony\\Component\\Console\\Application->doRunCommand(Object(App\\Console\\Commands\\IntegrationProcessedOrders), Object(Symfony\\Component\\Console\\Input\\ArgvInput), Object(Symfony\\Component\\Console\\Output\\ConsoleOutput))
#26 /var/www/vendor/symfony/console/Application.php(168): Symfony\\Component\\Console\\Application->doRun(Object(Symfony\\Component\\Console\\Input\\ArgvInput), Object(Symfony\\Component\\Console\\Output\\ConsoleOutput))
#27 /var/www/vendor/laravel/framework/src/Illuminate/Console/Application.php(102): Symfony\\Component\\Console\\Application->run(Object(Symfony\\Component\\Console\\Input\\ArgvInput), Object(Symfony\\Component\\Console\\Output\\ConsoleOutput))
#28 /var/www/vendor/laravel/framework/src/Illuminate/Foundation/Console/Kernel.php(155): Illuminate\\Console\\Application->run(Object(Symfony\\Component\\Console\\Input\\ArgvInput), Object(Symfony\\Component\\Console\\Output\\ConsoleOutput))
#29 /var/www/artisan(37): Illuminate\\Foundation\\Console\\Kernel->handle(Object(Symfony\\Component\\Console\\Input\\ArgvInput), Object(Symfony\\Component\\Console\\Output\\ConsoleOutput))
#30 {main}
"} 
[2026-08-29 19:45:14] local.ERROR: Client error: `POST https://us-ext.linnworks.net/api/Main/ping` resulted in a `401 Unauthorized` response:
{"Code":null,"Message":"Token is wrong."}
 {"class":"App\\Services\\LinnworkApiMainPing","function":"_linnworksPing","file":"/var/www/vendor/guzzlehttp/guzzle/src/Exception/RequestException.php","line":113} 
[2026-08-29 19:45:14] local.ERROR: :Integration error in [RefreshLinworksToken] for userlinnworks@limmedia.io {"class":"App\\Console\\Commands\\LinnworksTokenRefreshTask","function":"refreshLinnworkUser","file":"/var/www/app/Console/Commands/LinnworksTokenRefreshTask.php","line":59} 
[2026-08-29 19:45:15] local.ERROR: Client error: `POST https://us-ext.linnworks.net/api/Inventory/GetStockLocations` resulted in a `401 Unauthorized` response:
{"Code":null,"Message":"Token is wrong."}
 {"class":"App\\Services\\InventoryService","function":"GetStockLocations","file":"/var/www/vendor/guzzlehttp/guzzle/src/Exception/RequestException.php","line":113} 
[2026-08-29 19:45:15] local.ERROR: :Integration error in [StockLocations] for userlinnworks@limmedia.io {"class":"App\\Console\\Commands\\IntegrationProcessedOrders","function":"handle","file":"/var/www/app/Console/Commands/IntegrationProcessedOrders.php","line":56} 
[2026-08-29 20:00:29] local.ERROR: Client error: `POST https://us-ext.linnworks.net/api/Main/ping` resulted in a `401 Unauthorized` response:
{"Code":null,"Message":"Token is wrong."}
 {"class":"App\\Services\\LinnworkApiMainPing","function":"_linnworksPing","file":"/var/www/vendor/guzzlehttp/guzzle/src/Exception/RequestException.php","line":113} 
[2026-08-29 20:00:29] local.ERROR: :Integration error in [RefreshLinworksToken] for userlinnworks@limmedia.io {"class":"App\\Console\\Commands\\LinnworksTokenRefreshTask","function":"refreshLinnworkUser","file":"/var/www/app/Console/Commands/LinnworksTokenRefreshTask.php","line":59} 
[2026-08-29 20:00:30] local.ERROR: Client error: `POST https://us-ext.linnworks.net/api/Inventory/GetStockLocations` resulted in a `401 Unauthorized` response:
{"Code":null,"Message":"Token is wrong."}
 {"class":"App\\Services\\InventoryService","function":"GetStockLocations","file":"/var/www/vendor/guzzlehttp/guzzle/src/Exception/RequestException.php","line":113} 
[2026-08-29 20:00:30] local.ERROR: :Integration error in [StockLocations] for userlinnworks@limmedia.io {"class":"App\\Console\\Commands\\IntegrationProcessedOrders","function":"handle","file":"/var/www/app/Console/Commands/IntegrationProcessedOrders.php","line":56} 
[2026-08-29 20:00:32] local.ERROR: ML token refresh failed for user 3608229310 {"class":"App\\Console\\Commands\\MercadoLibreTokenRefreshTask","function":"handle","file":"/var/www/app/Console/Commands/MercadoLibreTokenRefreshTask.php","line":29} 
[2026-08-29 21:00:17] local.ERROR: Client error: `POST https://us-ext.linnworks.net/api/Main/ping` resulted in a `401 Unauthorized` response:
{"Code":null,"Message":"Token is wrong."}
 {"class":"App\\Services\\LinnworkApiMainPing","function":"_linnworksPing","file":"/var/www/vendor/guzzlehttp/guzzle/src/Exception/RequestException.php","line":113} 
[2026-08-29 21:00:17] local.ERROR: :Integration error in [RefreshLinworksToken] for userlinnworks@limmedia.io {"class":"App\\Console\\Commands\\LinnworksTokenRefreshTask","function":"refreshLinnworkUser","file":"/var/www/app/Console/Commands/LinnworksTokenRefreshTask.php","line":59} 
[2026-08-29 21:00:19] local.ERROR: Client error: `POST https://us-ext.linnworks.net/api/Inventory/GetStockLocations` resulted in a `401 Unauthorized` response:
{"Code":null,"Message":"Token is wrong."}
 {"class":"App\\Services\\InventoryService","function":"GetStockLocations","file":"/var/www/vendor/guzzlehttp/guzzle/src/Exception/RequestException.php","line":113} 
[2026-08-29 21:00:19] local.ERROR: :Integration error in [StockLocations] for userlinnworks@limmedia.io {"class":"App\\Console\\Commands\\IntegrationProcessedOrders","function":"handle","file":"/var/www/app/Console/Commands/IntegrationProcessedOrders.php","line":56} 
[2026-08-29 21:00:23] local.ERROR: ML token refresh failed for user 3608229310 {"class":"App\\Console\\Commands\\MercadoLibreTokenRefreshTask","function":"handle","file":"/var/www/app/Console/Commands/MercadoLibreTokenRefreshTask.php","line":29} 
[2026-08-29 21:16:01] local.ERROR: Client error: `POST https://us-ext.linnworks.net/api/Main/ping` resulted in a `401 Unauthorized` response:
{"Code":null,"Message":"Token is wrong."}
 {"class":"App\\Services\\LinnworkApiMainPing","function":"_linnworksPing","file":"/var/www/vendor/guzzlehttp/guzzle/src/Exception/RequestException.php","line":113} 
[2026-08-29 21:16:01] local.ERROR: :Integration error in [RefreshLinworksToken] for userlinnworks@limmedia.io {"class":"App\\Console\\Commands\\LinnworksTokenRefreshTask","function":"refreshLinnworkUser","file":"/var/www/app/Console/Commands/LinnworksTokenRefreshTask.php","line":59} 
[2026-08-29 21:16:03] local.ERROR: Client error: `POST https://us-ext.linnworks.net/api/Inventory/GetStockLocations` resulted in a `401 Unauthorized` response:
{"Code":null,"Message":"Token is wrong."}
 {"class":"App\\Services\\InventoryService","function":"GetStockLocations","file":"/var/www/vendor/guzzlehttp/guzzle/src/Exception/RequestException.php","line":113} 
[2026-08-29 21:16:03] local.ERROR: :Integration error in [StockLocations] for userlinnworks@limmedia.io {"class":"App\\Console\\Commands\\IntegrationProcessedOrders","function":"handle","file":"/var/www/app/Console/Commands/IntegrationProcessedOrders.php","line":56} 
[2026-08-29 21:30:34] local.ERROR: Client error: `POST https://us-ext.linnworks.net/api/Main/ping` resulted in a `401 Unauthorized` response:
{"Code":null,"Message":"Token is wrong."}
 {"class":"App\\Services\\LinnworkApiMainPing","function":"_linnworksPing","file":"/var/www/vendor/guzzlehttp/guzzle/src/Exception/RequestException.php","line":113} 
[2026-08-29 21:30:34] local.ERROR: :Integration error in [RefreshLinworksToken] for userlinnworks@limmedia.io {"class":"App\\Console\\Commands\\LinnworksTokenRefreshTask","function":"refreshLinnworkUser","file":"/var/www/app/Console/Commands/LinnworksTokenRefreshTask.php","line":59} 
[2026-08-29 21:30:36] local.ERROR: Client error: `POST https://us-ext.linnworks.net/api/Inventory/GetStockLocations` resulted in a `401 Unauthorized` response:
{"Code":null,"Message":"Token is wrong."}
 {"class":"App\\Services\\InventoryService","function":"GetStockLocations","file":"/var/www/vendor/guzzlehttp/guzzle/src/Exception/RequestException.php","line":113} 
[2026-08-29 21:30:36] local.ERROR: :Integration error in [StockLocations] for userlinnworks@limmedia.io {"class":"App\\Console\\Commands\\IntegrationProcessedOrders","function":"handle","file":"/var/www/app/Console/Commands/IntegrationProcessedOrders.php","line":56} 
[2026-08-29 21:45:11] local.ERROR: Client error: `POST https://us-ext.linnworks.net/api/Main/ping` resulted in a `401 Unauthorized` response:
{"Code":null,"Message":"Token is wrong."}
 {"class":"App\\Services\\LinnworkApiMainPing","function":"_linnworksPing","file":"/var/www/vendor/guzzlehttp/guzzle/src/Exception/RequestException.php","line":113} 
[2026-08-29 21:45:11] local.ERROR: :Integration error in [RefreshLinworksToken] for userlinnworks@limmedia.io {"class":"App\\Console\\Commands\\LinnworksTokenRefreshTask","function":"refreshLinnworkUser","file":"/var/www/app/Console/Commands/LinnworksTokenRefreshTask.php","line":59} 
[2026-08-29 21:45:12] local.ERROR: Client error: `POST https://us-ext.linnworks.net/api/Inventory/GetStockLocations` resulted in a `401 Unauthorized` response:
{"Code":null,"Message":"Token is wrong."}
 {"class":"App\\Services\\InventoryService","function":"GetStockLocations","file":"/var/www/vendor/guzzlehttp/guzzle/src/Exception/RequestException.php","line":113} 
[2026-08-29 21:45:12] local.ERROR: :Integration error in [StockLocations] for userlinnworks@limmedia.io {"class":"App\\Console\\Commands\\IntegrationProcessedOrders","function":"handle","file":"/var/www/app/Console/Commands/IntegrationProcessedOrders.php","line":56} 
[2026-08-29 22:00:51] local.ERROR: Client error: `POST https://us-ext.linnworks.net/api/Main/ping` resulted in a `401 Unauthorized` response:
{"Code":null,"Message":"Token is wrong."}
 {"class":"App\\Services\\LinnworkApiMainPing","function":"_linnworksPing","file":"/var/www/vendor/guzzlehttp/guzzle/src/Exception/RequestException.php","line":113} 
[2026-08-29 22:00:51] local.ERROR: :Integration error in [RefreshLinworksToken] for userlinnworks@limmedia.io {"class":"App\\Console\\Commands\\LinnworksTokenRefreshTask","function":"refreshLinnworkUser","file":"/var/www/app/Console/Commands/LinnworksTokenRefreshTask.php","line":59} 
[2026-08-29 22:00:54] local.ERROR: Client error: `POST https://us-ext.linnworks.net/api/Inventory/GetStockLocations` resulted in a `401 Unauthorized` response:
{"Code":null,"Message":"Token is wrong."}
 {"class":"App\\Services\\InventoryService","function":"GetStockLocations","file":"/var/www/vendor/guzzlehttp/guzzle/src/Exception/RequestException.php","line":113} 
[2026-08-29 22:00:54] local.ERROR: :Integration error in [StockLocations] for userlinnworks@limmedia.io {"class":"App\\Console\\Commands\\IntegrationProcessedOrders","function":"handle","file":"/var/www/app/Console/Commands/IntegrationProcessedOrders.php","line":56} 
[2026-08-29 22:00:59] local.ERROR: ML token refresh failed for user 3608229310 {"class":"App\\Console\\Commands\\MercadoLibreTokenRefreshTask","function":"handle","file":"/var/www/app/Console/Commands/MercadoLibreTokenRefreshTask.php","line":29} 
[2026-08-29 22:15:26] local.ERROR: Client error: `POST https://us-ext.linnworks.net/api/Main/ping` resulted in a `401 Unauthorized` response:
{"Code":null,"Message":"Token is wrong."}
 {"class":"App\\Services\\LinnworkApiMainPing","function":"_linnworksPing","file":"/var/www/vendor/guzzlehttp/guzzle/src/Exception/RequestException.php","line":113} 
[2026-08-29 22:15:26] local.ERROR: :Integration error in [RefreshLinworksToken] for userlinnworks@limmedia.io {"class":"App\\Console\\Commands\\LinnworksTokenRefreshTask","function":"refreshLinnworkUser","file":"/var/www/app/Console/Commands/LinnworksTokenRefreshTask.php","line":59} 
[2026-08-29 22:15:27] local.ERROR: Client error: `POST https://us-ext.linnworks.net/api/Inventory/GetStockLocations` resulted in a `401 Unauthorized` response:
{"Code":null,"Message":"Token is wrong."}
 {"class":"App\\Services\\InventoryService","function":"GetStockLocations","file":"/var/www/vendor/guzzlehttp/guzzle/src/Exception/RequestException.php","line":113} 
[2026-08-29 22:15:27] local.ERROR: :Integration error in [StockLocations] for userlinnworks@limmedia.io {"class":"App\\Console\\Commands\\IntegrationProcessedOrders","function":"handle","file":"/var/www/app/Console/Commands/IntegrationProcessedOrders.php","line":56} 
[2026-08-29 22:45:29] local.ERROR: Client error: `POST https://us-ext.linnworks.net/api/Main/ping` resulted in a `401 Unauthorized` response:
{"Code":null,"Message":"Token is wrong."}
 {"class":"App\\Services\\LinnworkApiMainPing","function":"_linnworksPing","file":"/var/www/vendor/guzzlehttp/guzzle/src/Exception/RequestException.php","line":113} 
[2026-08-29 22:45:29] local.ERROR: :Integration error in [RefreshLinworksToken] for userlinnworks@limmedia.io {"class":"App\\Console\\Commands\\LinnworksTokenRefreshTask","function":"refreshLinnworkUser","file":"/var/www/app/Console/Commands/LinnworksTokenRefreshTask.php","line":59} 
[2026-08-29 22:45:30] local.ERROR: Client error: `POST https://us-ext.linnworks.net/api/Inventory/GetStockLocations` resulted in a `401 Unauthorized` response:
{"Code":null,"Message":"Token is wrong."}
 {"class":"App\\Services\\InventoryService","function":"GetStockLocations","file":"/var/www/vendor/guzzlehttp/guzzle/src/Exception/RequestException.php","line":113} 
[2026-08-29 22:45:30] local.ERROR: :Integration error in [StockLocations] for userlinnworks@limmedia.io {"class":"App\\Console\\Commands\\IntegrationProcessedOrders","function":"handle","file":"/var/www/app/Console/Commands/IntegrationProcessedOrders.php","line":56} 
[2026-08-29 23:00:52] local.ERROR: Client error: `POST https://us-ext.linnworks.net/api/Main/ping` resulted in a `401 Unauthorized` response:
{"Code":null,"Message":"Token is wrong."}
 {"class":"App\\Services\\LinnworkApiMainPing","function":"_linnworksPing","file":"/var/www/vendor/guzzlehttp/guzzle/src/Exception/RequestException.php","line":113} 
[2026-08-29 23:00:52] local.ERROR: :Integration error in [RefreshLinworksToken] for userlinnworks@limmedia.io {"class":"App\\Console\\Commands\\LinnworksTokenRefreshTask","function":"refreshLinnworkUser","file":"/var/www/app/Console/Commands/LinnworksTokenRefreshTask.php","line":59} 
[2026-08-29 23:00:53] local.ERROR: Client error: `POST https://us-ext.linnworks.net/api/Inventory/GetStockLocations` resulted in a `401 Unauthorized` response:
{"Code":null,"Message":"Token is wrong."}
 {"class":"App\\Services\\InventoryService","function":"GetStockLocations","file":"/var/www/vendor/guzzlehttp/guzzle/src/Exception/RequestException.php","line":113} 
[2026-08-29 23:00:53] local.ERROR: :Integration error in [StockLocations] for userlinnworks@limmedia.io {"class":"App\\Console\\Commands\\IntegrationProcessedOrders","function":"handle","file":"/var/www/app/Console/Commands/IntegrationProcessedOrders.php","line":56} 
[2026-08-29 23:00:55] local.ERROR: ML token refresh failed for user 3608229310 {"class":"App\\Console\\Commands\\MercadoLibreTokenRefreshTask","function":"handle","file":"/var/www/app/Console/Commands/MercadoLibreTokenRefreshTask.php","line":29} 
[2026-08-29 23:14:19] local.WARNING: No token found in request  
[2026-08-29 23:14:21] local.WARNING: No token found in request  
[2026-08-29 23:15:14] local.ERROR: Client error: `POST https://us-ext.linnworks.net/api/Main/ping` resulted in a `401 Unauthorized` response:
{"Code":null,"Message":"Token is wrong."}
 {"class":"App\\Services\\LinnworkApiMainPing","function":"_linnworksPing","file":"/var/www/vendor/guzzlehttp/guzzle/src/Exception/RequestException.php","line":113} 
[2026-08-29 23:15:14] local.ERROR: :Integration error in [RefreshLinworksToken] for userlinnworks@limmedia.io {"class":"App\\Console\\Commands\\LinnworksTokenRefreshTask","function":"refreshLinnworkUser","file":"/var/www/app/Console/Commands/LinnworksTokenRefreshTask.php","line":59} 
[2026-08-29 23:15:15] local.ERROR: Client error: `POST https://us-ext.linnworks.net/api/Inventory/GetStockLocations` resulted in a `401 Unauthorized` response:
{"Code":null,"Message":"Token is wrong."}
 {"class":"App\\Services\\InventoryService","function":"GetStockLocations","file":"/var/www/vendor/guzzlehttp/guzzle/src/Exception/RequestException.php","line":113} 
[2026-08-29 23:15:15] local.ERROR: :Integration error in [StockLocations] for userlinnworks@limmedia.io {"class":"App\\Console\\Commands\\IntegrationProcessedOrders","function":"handle","file":"/var/www/app/Console/Commands/IntegrationProcessedOrders.php","line":56} 
[2026-08-29 23:30:36] local.ERROR: Client error: `POST https://us-ext.linnworks.net/api/Main/ping` resulted in a `401 Unauthorized` response:
{"Code":null,"Message":"Token is wrong."}
 {"class":"App\\Services\\LinnworkApiMainPing","function":"_linnworksPing","file":"/var/www/vendor/guzzlehttp/guzzle/src/Exception/RequestException.php","line":113} 
[2026-08-29 23:30:36] local.ERROR: :Integration error in [RefreshLinworksToken] for userlinnworks@limmedia.io {"class":"App\\Console\\Commands\\LinnworksTokenRefreshTask","function":"refreshLinnworkUser","file":"/var/www/app/Console/Commands/LinnworksTokenRefreshTask.php","line":59} 
[2026-08-29 23:30:38] local.ERROR: Client error: `POST https://us-ext.linnworks.net/api/Inventory/GetStockLocations` resulted in a `401 Unauthorized` response:
{"Code":null,"Message":"Token is wrong."}
 {"class":"App\\Services\\InventoryService","function":"GetStockLocations","file":"/var/www/vendor/guzzlehttp/guzzle/src/Exception/RequestException.php","line":113} 
[2026-08-29 23:30:38] local.ERROR: :Integration error in [StockLocations] for userlinnworks@limmedia.io {"class":"App\\Console\\Commands\\IntegrationProcessedOrders","function":"handle","file":"/var/www/app/Console/Commands/IntegrationProcessedOrders.php","line":56} 
[2026-08-29 23:46:00] local.ERROR: Client error: `POST https://us-ext.linnworks.net/api/Main/ping` resulted in a `401 Unauthorized` response:
{"Code":null,"Message":"Token is wrong."}
 {"class":"App\\Services\\LinnworkApiMainPing","function":"_linnworksPing","file":"/var/www/vendor/guzzlehttp/guzzle/src/Exception/RequestException.php","line":113} 
[2026-08-29 23:46:00] local.ERROR: :Integration error in [RefreshLinworksToken] for userlinnworks@limmedia.io {"class":"App\\Console\\Commands\\LinnworksTokenRefreshTask","function":"refreshLinnworkUser","file":"/var/www/app/Console/Commands/LinnworksTokenRefreshTask.php","line":59} 
[2026-08-29 23:46:02] local.ERROR: Client error: `POST https://us-ext.linnworks.net/api/Inventory/GetStockLocations` resulted in a `401 Unauthorized` response:
{"Code":null,"Message":"Token is wrong."}
 {"class":"App\\Services\\InventoryService","function":"GetStockLocations","file":"/var/www/vendor/guzzlehttp/guzzle/src/Exception/RequestException.php","line":113} 
[2026-08-29 23:46:02] local.ERROR: :Integration error in [StockLocations] for userlinnworks@limmedia.io {"class":"App\\Console\\Commands\\IntegrationProcessedOrders","function":"handle","file":"/var/www/app/Console/Commands/IntegrationProcessedOrders.php","line":56} 
[2026-08-29 23:48:53] local.INFO: Channel AddNewUser {"tenant_id":1,"user_id":""} 
[2026-08-29 23:56:20] local.WARNING: No token found in request  
